[36mvite v8.0.5 [32mbuilding client environment for production...[36m[39m
[2K
transforming...Γ£ô 46 modules transformed.
node.exe : [31mΓ£ù[39m 
Build failed in 189ms
At C:\Program 
Files\nodejs\npx.ps1:29 
char:3
+   & $NODE_EXE 
$NPX_CLI_JS $args
+   ~~~~~~~~~~~~~~~~~~~~~
~~~~~~~~
    + CategoryInfo       
       : NotSpecified:   
  ([31mΓ£ù[39m Build   
  failed in 189ms:Str    
ing) [], RemoteExcep    
tion
    + FullyQualifiedErro 
   rId : NativeCommandE  
  rror
 
[31merror during build:
[31mBuild failed with 1 
error:

[31m[UNRESOLVED_IMPORT] 
Error:[0m Could not 
resolve './Projects.css' 
in src/components/Project
s/Projects.jsx
   [38;5;246mΓò¡[0m[38
;5;246mΓöÇ[0m[38;5;246m
[[0m src/components/Proj
ects/Projects.jsx:5:8 
[38;5;246m][0m
   [38;5;246mΓöé[0m
 [38;5;246m5 Γöé[0m [3
8;5;249mi[0m[38;5;249mm
[0m[38;5;249mp[0m[38;
5;249mo[0m[38;5;249mr[
0m[38;5;249mt[0m[38;5;
249m [0m"./Projects.css"
[38;5;249m;[0m
 [38;5;240m  Γöé[0m    
    ΓöÇΓöÇΓöÇΓöÇΓöÇΓöÇΓöÇ
ΓöÇΓö¼ΓöÇΓöÇΓöÇΓöÇΓöÇΓöÇΓ
öÇ  
 [38;5;240m  Γöé[0m    
            Γò░ΓöÇΓöÇΓöÇΓ
öÇΓöÇΓöÇΓöÇΓöÇΓöÇ Module 
not found.
 [38;5;240m  Γöé[0m 
 [38;5;240m  Γöé[0m 
[38;5;115mHelp[0m: 'src
/components/Projects/Proj
ects.jsx' is imported by 
the following path:
 [38;5;240m  Γöé[0m    
     - src/components/Pro
jects/Projects.jsx
 [38;5;240m  Γöé[0m    
     - src/App.jsx
 [38;5;240m  Γöé[0m    
     - src/main.jsx
 [38;5;240m  Γöé[0m    
     - index.html
[38;5;246mΓöÇΓöÇΓöÇΓò»[
0m
[31m
    at aggregateBindingEr
rorsIntoJsError (file:///
C:/Desktop/Portfolio/node
_modules/rolldown/dist/sh
ared/error-BLhcSyeg.mjs:4
8:18)
    at 
unwrapBindingResult (file
:///C:/Desktop/Portfolio/
node_modules/rolldown/dis
t/shared/error-BLhcSyeg.m
js:18:128)
    at #build (file:///C:
/Desktop/Portfolio/node_m
odules/rolldown/dist/shar
ed/rolldown-build-CPrIX9V
6.mjs:3313:34)
    at async 
buildEnvironment (file://
/C:/Desktop/Portfolio/nod
e_modules/vite/dist/node/
chunks/node.js:32939:64)
    at async 
Object.build (file:///C:/
Desktop/Portfolio/node_mo
dules/vite/dist/node/chun
ks/node.js:33361:19)
    at async 
Object.buildApp (file:///
C:/Desktop/Portfolio/node
_modules/vite/dist/node/c
hunks/node.js:33358:153)
    at async 
CAC.<anonymous> (file:///
C:/Desktop/Portfolio/node
_modules/vite/dist/node/c
li.js:778:3) {
  errors: [Getter/Setter]
}[39m
